---
source: crates/flux-codegen-kotlin/tests/pipeline.rs
expression: "codegen_example(name, src)"
---
package dev.flux.app

import androidx.compose.foundation.layout.*
import androidx.compose.foundation.text.KeyboardActions
import androidx.compose.foundation.text.KeyboardOptions
import androidx.compose.material3.*
import androidx.compose.runtime.*
import androidx.compose.ui.Alignment
import androidx.compose.ui.Modifier
import androidx.compose.ui.text.input.KeyboardType
import androidx.compose.ui.unit.dp
import androidx.navigation.NavHostController
import androidx.navigation.compose.NavHost
import androidx.navigation.compose.composable
import androidx.navigation.compose.rememberNavController
import kotlinx.coroutines.launch

object FluxTheme {
    val colorPrimary = Color(0xFF6750A4)
    val colorSecondary = Color(0xFF625B71)
    val colorSurface = Color(0xFFFEF7FF)
    val spaceSm = 4.dp
    val spaceMd = 8.dp
    val spaceLg = 16.dp
    val textBody = 17.sp
    val textTitle = 28.sp
}

@Composable fun Tapped(
) {
    var taps by remember { mutableStateOf<Int>(0) }
    Button(onClick = { taps = (taps + 1) }) {
        Text("Tapped ${taps} times")
    }
}
