---
source: crates/flux-codegen-swift/tests/pipeline.rs
expression: "codegen_example(name, src)"
---
struct Login: View {
    @State private var value: String = ""
    var body: some View {
  VStack {
      Text("Login")
      Button(action: { value = "" }) {
          Text("Reset")
      }
  }
    }
}
