---
source: crates/flux-codegen-swift/tests/pipeline.rs
assertion_line: 97
expression: "codegen_example(name, src)"
---
struct App: View {
    @State private var route: String = "home"
    var body: some View {
  NavigationStack {
      // Screen route: "home"
      Text("Home")
      // Screen route: "settings"
      Text("Settings")
  }
    }
}
